[    0.000000] Linux version 5.15.114 (jlkiri@darkbramble) (gcc (Debian 10.2.1-6) 10.2.1 20210110, GNU ld (GNU Binutils for Debian) 2.35.2) #2 SMP Sat Jun 3 23:51:08 JST 2023
[    0.000000] Command line: console=ttyS0 noapic reboot=k panic=1 pci=off ip=:::::eth0:dhcp root=/dev/vda rw virtio_mmio.device=4K@0xd0000000:5 virtio_mmio.device=4K@0xd0001000:6
[    0.000000] x86/fpu: Supporting XSAVE feature 0x001: 'x87 floating point registers'
[    0.000000] x86/fpu: Supporting XSAVE feature 0x002: 'SSE registers'
[    0.000000] x86/fpu: Supporting XSAVE feature 0x004: 'AVX registers'
[    0.000000] x86/fpu: Supporting XSAVE feature 0x020: 'AVX-512 opmask'
[    0.000000] x86/fpu: Supporting XSAVE feature 0x040: 'AVX-512 Hi256'
[    0.000000] x86/fpu: Supporting XSAVE feature 0x080: 'AVX-512 ZMM_Hi256'
[    0.000000] x86/fpu: Supporting XSAVE feature 0x200: 'Protection Keys User registers'
[    0.000000] x86/fpu: xstate_offset[2]:  576, xstate_sizes[2]:  256
[    0.000000] x86/fpu: xstate_offset[5]:  832, xstate_sizes[5]:   64
[    0.000000] x86/fpu: xstate_offset[6]:  896, xstate_sizes[6]:  512
[    0.000000] x86/fpu: xstate_offset[7]: 1408, xstate_sizes[7]: 1024
[    0.000000] x86/fpu: xstate_offset[9]: 2432, xstate_sizes[9]:    8
[    0.000000] x86/fpu: Enabled xstate features 0x2e7, context size is 2440 bytes, using 'compacted' format.
[    0.000000] signal: max sigframe size: 3632
[    0.000000] BIOS-provided physical RAM map:
[    0.000000] BIOS-e820: [mem 0x0000000000000000-0x000000000009fbff] usable
[    0.000000] BIOS-e820: [mem 0x0000000000100000-0x000000003fffffff] usable
[    0.000000] NX (Execute Disable) protection: active
[    0.000000] DMI not present or invalid.
[    0.000000] Hypervisor detected: KVM
[    0.000000] kvm-clock: Using msrs 4b564d01 and 4b564d00
[    0.000000] kvm-clock: cpu 0, msr 3001001, primary cpu clock
[    0.000001] kvm-clock: using sched offset of 6196349 cycles
[    0.000007] clocksource: kvm-clock: mask: 0xffffffffffffffff max_cycles: 0x1cd42e4dffb, max_idle_ns: 881590591483 ns
[    0.000015] tsc: Detected 2995.200 MHz processor
[    0.000098] last_pfn = 0x40000 max_arch_pfn = 0x400000000
[    0.000132] Disabled
[    0.000136] x86/PAT: MTRRs disabled, skipping PAT initialization too.
[    0.000145] CPU MTRRs all blank - virtualized system.
[    0.000151] x86/PAT: Configuration [0-7]: WB  WT  UC- UC  WB  WT  UC- UC  
[    0.000180] found SMP MP-table at [mem 0x0009fc00-0x0009fc0f]
[    0.000193] Using GB pages for direct mapping
[    0.000250] ACPI: Early table checksum verification disabled
[    0.000405] ACPI BIOS Error (bug): A valid RSDP was not found (20210730/tbxfroot-210)
[    0.000436] No NUMA configuration found
[    0.000436] Faking a node at [mem 0x0000000000000000-0x000000003fffffff]
[    0.000443] NODE_DATA(0) allocated [mem 0x3ffde000-0x3fffffff]
[    0.000760] Zone ranges:
[    0.000764]   DMA      [mem 0x0000000000001000-0x0000000000ffffff]
[    0.000766]   DMA32    [mem 0x0000000001000000-0x000000003fffffff]
[    0.000767]   Normal   empty
[    0.000768] Movable zone start for each node
[    0.000771] Early memory node ranges
[    0.000771]   node   0: [mem 0x0000000000001000-0x000000000009efff]
[    0.000772]   node   0: [mem 0x0000000000100000-0x000000003fffffff]
[    0.000773] Initmem setup node 0 [mem 0x0000000000001000-0x000000003fffffff]
[    0.000980] On node 0, zone DMA: 1 pages in unavailable ranges
[    0.001065] On node 0, zone DMA: 97 pages in unavailable ranges
[    0.007832] Intel MultiProcessor Specification v1.4
[    0.007839] MPTABLE: OEM ID: FC      
[    0.007842] MPTABLE: Product ID: 000000000000
[    0.007843] MPTABLE: APIC at: 0xFEE00000
[    0.007849] Processor #0 (Bootup-CPU)
[    0.007851] Processor #1
[    0.007881] IOAPIC[0]: apic_id 3, version 17, address 0xfec00000, GSI 0-23
[    0.007885] Processors: 2
[    0.007886] TSC deadline timer available
[    0.007888] smpboot: Allowing 2 CPUs, 0 hotplug CPUs
[    0.007909] kvm-guest: KVM setup pv remote TLB flush
[    0.007912] kvm-guest: setup PV sched yield
[    0.007924] PM: hibernation: Registered nosave memory: [mem 0x00000000-0x00000fff]
[    0.007925] PM: hibernation: Registered nosave memory: [mem 0x0009f000-0x000fffff]
[    0.007926] [mem 0x40000000-0xffffffff] available for PCI devices
[    0.007927] Booting paravirtualized kernel on KVM
[    0.007934] clocksource: refined-jiffies: mask: 0xffffffff max_cycles: 0xffffffff, max_idle_ns: 7645519600211568 ns
[    0.007938] setup_percpu: NR_CPUS:128 nr_cpumask_bits:128 nr_cpu_ids:2 nr_node_ids:1
[    0.008911] percpu: Embedded 49 pages/cpu s163840 r8192 d28672 u1048576
[    0.008941] kvm-guest: setup async PF for cpu 0
[    0.008946] kvm-guest: stealtime: cpu 0, msr 3ec27080
[    0.008949] kvm-guest: PV spinlocks enabled
[    0.008950] PV qspinlock hash table entries: 256 (order: 0, 4096 bytes, linear)
[    0.008960] Built 1 zonelists, mobility grouping on.  Total pages: 257792
[    0.008961] Policy zone: DMA32
[    0.008962] Kernel command line: console=ttyS0 noapic reboot=k panic=1 pci=off ip=:::::eth0:dhcp root=/dev/vda rw virtio_mmio.device=4K@0xd0000000:5 virtio_mmio.device=4K@0xd0001000:6
[    0.009439] Dentry cache hash table entries: 131072 (order: 8, 1048576 bytes, linear)
[    0.009632] Inode-cache hash table entries: 65536 (order: 7, 524288 bytes, linear)
[    0.009683] mem auto-init: stack:off, heap alloc:off, heap free:off
[    0.011570] Memory: 993956K/1048184K available (12293K kernel code, 7840K rwdata, 2156K rodata, 1756K init, 6668K bss, 53972K reserved, 0K cma-reserved)
[    0.011823] SLUB: HWalign=64, Order=0-3, MinObjects=0, CPUs=2, Nodes=1
[    0.011912] rcu: Hierarchical RCU implementation.
[    0.011913] rcu: 	RCU restricting CPUs from NR_CPUS=128 to nr_cpu_ids=2.
[    0.011914] 	Tracing variant of Tasks RCU enabled.
[    0.011917] rcu: RCU calculated value of scheduler-enlistment delay is 25 jiffies.
[    0.011917] rcu: Adjusting geometry for rcu_fanout_leaf=16, nr_cpu_ids=2
[    0.011927] NR_IRQS: 4352, nr_irqs: 56, preallocated irqs: 16
[    0.012136] Console: colour dummy device 80x25
[    0.043626] printk: console [ttyS0] enabled
[    0.043892] APIC: Switch to symmetric I/O mode setup
[    0.044186] Not enabling interrupt remapping due to skipped IO-APIC setup
[    0.044585] kvm-guest: setup PV IPIs
[    0.044831] clocksource: tsc-early: mask: 0xffffffffffffffff max_cycles: 0x2b2c8ec87c7, max_idle_ns: 440795278598 ns
[    0.045451] Calibrating delay loop (skipped) preset value.. 5990.40 BogoMIPS (lpj=11980800)
[    0.045940] pid_max: default: 32768 minimum: 301
[    0.046281] LSM: Security Framework initializing
[    0.046580] SELinux:  Initializing.
[    0.046869] Mount-cache hash table entries: 2048 (order: 2, 16384 bytes, linear)
[    0.047312] Mountpoint-cache hash table entries: 2048 (order: 2, 16384 bytes, linear)
[    0.048179] x86/cpu: User Mode Instruction Prevention (UMIP) activated
[    0.048583] Last level iTLB entries: 4KB 0, 2MB 0, 4MB 0
[    0.048893] Last level dTLB entries: 4KB 0, 2MB 0, 4MB 0, 1GB 0
[    0.049238] Spectre V1 : Mitigation: usercopy/swapgs barriers and __user pointer sanitization
[    0.049447] Spectre V2 : WARNING: Unprivileged eBPF is enabled with eIBRS on, data leaks possible via Spectre v2 BHB attacks!
[    0.049447] Spectre V2 : Mitigation: Enhanced IBRS
[    0.049447] Spectre V2 : Spectre v2 / SpectreRSB mitigation: Filling RSB on context switch
[    0.049447] Spectre V2 : Spectre v2 / PBRSB-eIBRS: Retire a single CALL on VMEXIT
[    0.049447] Spectre V2 : mitigation: Enabling conditional Indirect Branch Prediction Barrier
[    0.049447] Speculative Store Bypass: Mitigation: Speculative Store Bypass disabled via prctl and seccomp
[    0.049447] Freeing SMP alternatives memory: 32K
[    0.049447] smpboot: CPU0: Intel(R) Xeon(R) Processor @ 3.00GHz (family: 0x6, model: 0x8c, stepping: 0x1)
[    0.049447] Performance Events: unsupported p6 CPU model 140 no PMU driver, software events only.
[    0.049447] rcu: Hierarchical SRCU implementation.
[    0.049447] smp: Bringing up secondary CPUs ...
[    0.049447] x86: Booting SMP configuration:
[    0.049447] .... node  #0, CPUs:      #1
[    0.037367] kvm-clock: cpu 1, msr 3001041, secondary cpu clock
[    0.049447] kvm-guest: setup async PF for cpu 1
[    0.049447] kvm-guest: stealtime: cpu 1, msr 3ed27080
[    0.049460] smp: Brought up 1 node, 2 CPUs
[    0.049804] smpboot: Max logical packages: 1
[    0.050159] smpboot: Total of 2 processors activated (11980.80 BogoMIPS)
[    0.050819] devtmpfs: initialized
[    0.050819] x86/mm: Memory block size: 128MB
[    0.050827] clocksource: jiffies: mask: 0xffffffff max_cycles: 0xffffffff, max_idle_ns: 7645041785100000 ns
[    0.050827] futex hash table entries: 512 (order: 3, 32768 bytes, linear)
[    0.050827] NET: Registered PF_NETLINK/PF_ROUTE protocol family
[    0.053451] DMA: preallocated 128 KiB GFP_KERNEL pool for atomic allocations
[    0.053451] DMA: preallocated 128 KiB GFP_KERNEL|GFP_DMA pool for atomic allocations
[    0.053451] DMA: preallocated 128 KiB GFP_KERNEL|GFP_DMA32 pool for atomic allocations
[    0.053451] audit: initializing netlink subsys (disabled)
[    0.053496] thermal_sys: Registered thermal governor 'fair_share'
[    0.053497] thermal_sys: Registered thermal governor 'step_wise'
[    0.053875] thermal_sys: Registered thermal governor 'user_space'
[    0.054269] audit: type=2000 audit(1685863495.662:1): state=initialized audit_enabled=0 res=1
[    0.057457] cpuidle: using governor ladder
[    0.057714] cpuidle: using governor menu
[    0.058693] kprobes: kprobe jump-optimization is enabled. All kprobes are optimized if possible.
[    0.059269] HugeTLB registered 1.00 GiB page size, pre-allocated 0 pages
[    0.059269] HugeTLB registered 2.00 MiB page size, pre-allocated 0 pages
[    0.061503] ACPI: Interpreter disabled.
[    0.061758] SCSI subsystem initialized
[    0.062012] pps_core: LinuxPPS API ver. 1 registered
[    0.062330] pps_core: Software ver. 5.3.6 - Copyright 2005-2007 Rodolfo Giometti <giometti@linux.it>
[    0.062908] PTP clock support registered
[    0.063255] NetLabel: Initializing
[    0.063477] NetLabel:  domain hash size = 128
[    0.063752] NetLabel:  protocols = UNLABELED CIPSOv4 CALIPSO
[    0.064115] NetLabel:  unlabeled traffic allowed by default
[    0.064508] clocksource: Switched to clocksource kvm-clock
[    0.064508] VFS: Disk quotas dquot_6.6.0
[    0.064508] VFS: Dquot-cache hash table entries: 512 (order 0, 4096 bytes)
[    0.064508] pnp: PnP ACPI: disabled
[    0.064508] NET: Registered PF_INET protocol family
[    0.064508] IP idents hash table entries: 16384 (order: 5, 131072 bytes, linear)
[    0.064508] tcp_listen_portaddr_hash hash table entries: 512 (order: 1, 8192 bytes, linear)
[    0.064942] Table-perturb hash table entries: 65536 (order: 6, 262144 bytes, linear)
[    0.065419] TCP established hash table entries: 8192 (order: 4, 65536 bytes, linear)
[    0.065807] TCP bind hash table entries: 8192 (order: 5, 131072 bytes, linear)
[    0.065807] TCP: Hash tables configured (established 8192 bind 8192)
[    0.065807] UDP hash table entries: 512 (order: 2, 16384 bytes, linear)
[    0.065807] UDP-Lite hash table entries: 512 (order: 2, 16384 bytes, linear)
[    0.065807] NET: Registered PF_UNIX/PF_LOCAL protocol family
[    0.065807] virtio-mmio: Registering device virtio-mmio.0 at 0xd0000000-0xd0000fff, IRQ 5.
[    0.065807] virtio-mmio: Registering device virtio-mmio.1 at 0xd0001000-0xd0001fff, IRQ 6.
[    0.073582] clocksource: tsc: mask: 0xffffffffffffffff max_cycles: 0x2b2c8ec87c7, max_idle_ns: 440795278598 ns
[    0.074245] clocksource: Switched to clocksource tsc
[    0.074564] platform rtc_cmos: registered platform RTC device (no PNP device found)
[    0.075602] Initialise system trusted keyrings
[    0.075992] Key type blacklist registered
[    0.076369] workingset: timestamp_bits=36 max_order=18 bucket_order=0
[    0.077672] squashfs: version 4.0 (2009/01/31) Phillip Lougher
[    0.085072] Key type asymmetric registered
[    0.085425] Asymmetric key parser 'x509' registered
[    0.085846] Block layer SCSI generic (bsg) driver version 0.4 loaded (major 252)
[    0.086829] Serial: 8250/16550 driver, 1 ports, IRQ sharing disabled
[    0.087287] serial8250: ttyS0 at I/O 0x3f8 (irq = 4, base_baud = 115200) is a 16550A
[    0.090543] loop: module loaded
[    0.090920] virtio_blk virtio0: [vda] 1000000 512-byte logical blocks (512 MB/488 MiB)
[    0.091692] Loading iSCSI transport class v2.0-870.
[    0.092267] iscsi: registered transport (tcp)
[    0.092550] tun: Universal TUN/TAP device driver, 1.6
[    0.093188] i8042: PNP: No PS/2 controller found.
[    0.093500] i8042: Probing ports directly.
[    0.099698] i8042: Failed to disable AUX port, but continuing anyway... Is this a SiS?
[    0.100185] i8042: If AUX port is really absent please use the 'i8042.noaux' option
[    0.369709] serio: i8042 KBD port at 0x60,0x64 irq 1
[    0.370887] intel_pstate: CPU model not supported
[    0.371814] hid: raw HID events driver (C) Jiri Kosina
[    0.373136] Initializing XFRM netlink socket
[    0.374098] NET: Registered PF_INET6 protocol family
[    0.376838] Segment Routing with IPv6
[    0.377568] In-situ OAM (IOAM) with IPv6
[    0.378289] NET: Registered PF_PACKET protocol family
[    0.379138] Bridge firewalling registered
[    0.380002] NET: Registered PF_VSOCK protocol family
[    0.380934] IPI shorthand broadcast: enabled
[    0.381701] sched_clock: Marking stable (348294740, 33367806)->(404232034, -22569488)
[    0.383125] registered taskstats version 1
[    0.383822] Loading compiled-in X.509 certificates
[    0.386030] Loaded X.509 cert 'Build time autogenerated kernel key: c59bf9dbb615e2ab998f1cc9ec027e4d754ee9b2'
[    0.387800] Key type .fscrypt registered
[    0.388420] Key type fscrypt-provisioning registered
[    0.389584] Key type encrypted registered
[    0.882604] input: AT Raw Set 2 keyboard as /devices/platform/i8042/serio0/input/input0
[    0.901529] Sending DHCP requests .., OK
[    4.030326] IP-Config: Got DHCP answer from 10.0.0.1, my address is 10.0.118.198
[    4.031672] IP-Config: Complete:
[    4.032266]      device=eth0, hwaddr=00:16:3e:6e:7f:da, ipaddr=10.0.118.198, mask=255.255.0.0, gw=10.0.0.1
[    4.034047]      host=10.0.118.198, domain=, nis-domain=(none)
[    4.034783]      bootserver=10.0.0.1, rootserver=10.0.0.1, rootpath=
[    4.034784]      nameserver0=10.0.0.1
[    4.036304] EXT4-fs (vda): mounted filesystem with ordered data mode. Opts: (null). Quota mode: none.
[    4.037061] ext4 filesystem being mounted at /root supports timestamps until 2038 (0x7fffffff)
[    4.037769] VFS: Mounted root (ext4 filesystem) on device 254:0.
[    4.038386] devtmpfs: mounted
[    4.038931] Freeing unused decrypted memory: 2036K
[    4.039754] Freeing unused kernel image (initmem) memory: 1756K
[    4.053558] Write protecting the kernel read-only data: 18432k
[    4.057584] Freeing unused kernel image (text/rodata gap) memory: 2040K
[    4.060988] Freeing unused kernel image (rodata/data gap) memory: 1940K
[    4.062227] Run /sbin/init as init process

   OpenRC 0.47.1 is starting up Linux 5.15.114 (x86_64)

 * Mounting /proc ... [ ok ]
 * Mounting /run ... [ ok ]
 * /run/openrc: creating directory
 * /run/lock: creating directory
 * /run/lock: correcting owner
Service `hwdrivers' needs non existent service `dev'
Service `machine-id' needs non existent service `dev'
 * Caching service dependencies ... [ ok ]
 * Checking local filesystems  ... [ ok ]
 * Remounting filesystems ... [ ok ]
 * Mounting local filesystems ... [ ok ]
 * Setting hostname ... [ ok ]
 * Starting networking ... *   lo ... [ ok ]
 *   eth0 ...udhcpc: started, v1.36.0
udhcpc: broadcasting discover
udhcpc: broadcasting select for 10.0.118.198, server 10.0.0.1
udhcpc: lease of 10.0.118.198 obtained from 10.0.0.1, lease time 43200
 [ ok ]
[    6.321373] random: crng init done
 * Starting sshd ... [ ok ]
 * Mounting /sys ... [ ok ]
 * Mounting security filesystem ... [ ok ]
 * Mounting debug filesystem ... [ ok ]
 * Mounting SELinux filesystem ... [ ok ]
 * Mounting persistent storage (pstore) filesystem ... [ ok ]
 * Mounting cgroup filesystem ... [ ok ]
 * Remounting devtmpfs on /dev ... [ ok ]
 * Mounting /dev/mqueue ... [ ok ]
 * Mounting /dev/pts ... [ ok ]
 * Mounting /dev/shm ... [ ok ]
 * Loading modules ...modprobe: can't change directory to '/lib/modules': No such file or directory
modprobe: can't change directory to '/lib/modules': No such file or directory
 [ ok ]
 * Mounting misc binary format filesystem ... [ ok ]
 * /var/log/containerd.log: creating file
 * Starting Container Daemon ... [ ok ]
 * Starting local ... [ ok ]

Welcome to Alpine Linux 3.18
Kernel 5.15.114 on an x86_64 (ttyS0)

localhost login: 